// Jest Snapshot v1, https://goo.gl/fbAQLP

exports[`Should render ExpenseDashboardPage correctly 1`] = `
<div>
  <Connect(ExpenseTotal) />
  <Connect(ExpenseListFilters) />
  <Connect(ExpensesList) />
</div>
`;
