// Jest Snapshot v1, https://goo.gl/fbAQLP

exports[`Should render ExpenseTotal correctly 1`] = `
<div
  className="page-header"
>
  <div
    className="content-container"
  >
    <h1
      className="page-header__title"
    >
      Viewing 
      <span>
        2
      </span>
       
      expenses
      . Totaling
       
      <span>
        $111.45
      </span>
    </h1>
    <div
      className="page-header__actions"
    >
      <Link
        className="button"
        to="create"
      >
        Add Expense
      </Link>
    </div>
  </div>
</div>
`;
